// Jest Snapshot v1, https://goo.gl/fbAQLP

exports[`App is app 1`] = `
<div
  className="App"
>
  <div
    className="sc-gPEVay eHieyz"
  >
    <header
      className="sc-iRbamj dZnHBM"
    >
      <p
        className="page-title"
      >
        Exercises
      </p>
      <div
        className="sc-bdVaJa kMyqSV ExercisesSearch"
      >
        <input
          className="sc-bwzfXH eAKyFD"
          onChange={[Function]}
          placeholder="Search"
          type="text"
          value=""
        />
      </div>
    </header>
    <div
      className="sc-jlyJG fflAYx ExercisesList"
    >
      <div
        className="sc-gipzik ilydas"
      >
        Retrieving exercises...
      </div>
    </div>
    <button
      className="sc-htpNat uapYE"
      onClick={[Function]}
    >
      Create an Exercise
    </button>
  </div>
</div>
`;
