// Jest Snapshot v1, https://goo.gl/fbAQLP

exports[`Card 1`] = `
.c0 {
  margin: 0.5rem 0;
  padding: 1rem;
  border-radius: 0.5rem;
  background-color: white;
  box-shadow: 1px 1px 4px rgba(0,0,0,0.5);
}

.c0:hover {
  box-shadow: 1px 1px 2px rgba(0,0,0,0.25);
}

.c0 .card-grid {
  display: grid;
  grid-template-columns: 1fr 1.5rem;
}

.c1 {
  margin: 0;
  font-family: -apple-system,BlinkMacSystemFont,'Segoe UI','Roboto','Oxygen','Ubuntu','Helvetica Neue',Arial,sans-serif;
  font-size: 1.500rem;
  line-height: 1.75rem;
}

.c3 {
  visibility: hidden;
  margin: 0 0;
  padding: 0;
  max-height: 0;
  overflow: hidden;
  font-family: -apple-system,BlinkMacSystemFont,'Segoe UI','Roboto','Oxygen','Ubuntu','Helvetica Neue',Arial,sans-serif;
  font-size: 1.000rem;
  line-height: 1.25rem;
  color: gray;
}

.c2 {
  margin: 0.375rem auto;
  padding: 0;
  height: 1rem;
  width: 1rem;
  background-image: url('images/Expand.svg');
  background-size: cover;
}

.c4 {
  margin: 0;
  padding: 0;
  display: grid;
  grid-template-columns: 1fr 1.5rem 1.5rem;
  grid-gap: 0.5rem;
}

.c8 {
  -webkit-appearance: none;
  -moz-appearance: none;
  appearance: none;
  margin: 0.25rem;
  border: none;
  background: url('images/Trash.svg') center no-repeat;
  background-size: contain;
}

.c8:hover {
  cursor: pointer;
}

.c6 {
  height: 1.75rem;
  margin: 0.25rem 0 0;
  padding: 0 0.5rem;
  border: solid 1px hsl(0,0%,59%);
  border-radius: 0.25rem;
  font-family: -apple-system,BlinkMacSystemFont,'Segoe UI','Roboto','Oxygen','Ubuntu','Helvetica Neue',Arial,sans-serif;
  font-size: 0.750rem;
  line-height: 1.25rem;
  color: hsl(0,0%,59%);
  background-color: white;
  outline: none;
}

.c6:not(:last-child) {
  margin-right: 0.25rem;
}

.c6:hover {
  border: solid 1px hsl(0,0%,39%);
  color: white;
  background-color: hsl(0,0%,39%);
}

.c5 {
  height: 2rem;
  overflow: hidden;
}

.c7 {
  -webkit-appearance: none;
  -moz-appearance: none;
  appearance: none;
  margin: 0.25rem;
  border: none;
  background: url('images/Edit.svg') center no-repeat;
  background-size: contain;
}

.c7:hover {
  cursor: pointer;
}

<div
  className="c0"
>
  <div
    className="card-grid"
  >
    <p
      className="c1"
    >
      Squat
    </p>
    <div
      className="c2"
      onClick={[Function]}
    />
  </div>
  <p
    className="c3"
  >
    A squat is a strength exercise in which the trainee lowers their hips from a standing position and then stands back up.
  </p>
  <div
    className="c4"
  >
    <div
      className="c5 tags-row"
    >
      <button
        className="c6 Tag"
        onClick={[Function]}
      >
        Quads
      </button>
      <button
        className="c6 Tag"
        onClick={[Function]}
      >
        Glutes
      </button>
      <button
        className="c6 Tag"
        onClick={[Function]}
      >
        Abs
      </button>
    </div>
    <div
      className="c7"
      onClick={[Function]}
    />
    <div
      className="c8"
      onClick={[Function]}
    />
  </div>
</div>
`;
